// Jest Snapshot v1, https://goo.gl/fbAQLP

exports[`SmallMovieCard Component renders 1`] = `
<article
  className="small-movie-card catalog__movies-card"
  onMouseEnter={[Function]}
  onMouseLeave={[Function]}
>
  <div
    className="small-movie-card__image"
  >
    <img
      alt="Snatch"
      height="175"
      src="src/image.jpeg"
      width="280"
    />
  </div>
  <h3
    className="small-movie-card__title"
    onClick={[Function]}
  >
    <a
      className="small-movie-card__link"
      href="https://index.html"
    >
      Snatch
    </a>
  </h3>
</article>
`;
